// Jest Snapshot v1, https://goo.gl/fbAQLP

exports[`operators 1 1`] = `
"{
  \\"name\\": \\"ProgramRoot\\",
  \\"children\\": {
    \\"rules\\": [
      {
        \\"name\\": \\"ProgramRules\\",
        \\"children\\": {
          \\"rules\\": [
            {
              \\"name\\": \\"Assignment\\",
              \\"children\\": {
                \\"rules\\": [
                  {
                    \\"name\\": \\"ToRight\\",
                    \\"children\\": {
                      \\"head\\": [
                        {
                          \\"name\\": \\"LogicExpression\\",
                          \\"children\\": {
                            \\"rules\\": [
                              {
                                \\"name\\": \\"RelationExpression\\",
                                \\"children\\": {
                                  \\"rules\\": [
                                    {
                                      \\"name\\": \\"Expression\\",
                                      \\"children\\": {
                                        \\"rules\\": [
                                          {
                                            \\"name\\": \\"Term\\",
                                            \\"children\\": {
                                              \\"rules\\": [
                                                {
                                                  \\"name\\": \\"PipeExpression\\",
                                                  \\"children\\": {
                                                    \\"head\\": [
                                                      {
                                                        \\"name\\": \\"RangeExpression\\",
                                                        \\"children\\": {
                                                          \\"rules\\": [
                                                            {
                                                              \\"name\\": \\"Factor\\",
                                                              \\"children\\": {
                                                                \\"DotsIdentifier\\": [
                                                                  {
                                                                    \\"image\\": \\"window.test\\",
                                                                    \\"startOffset\\": 1,
                                                                    \\"endOffset\\": 11,
                                                                    \\"startLine\\": 2,
                                                                    \\"endLine\\": 2,
                                                                    \\"startColumn\\": 1,
                                                                    \\"endColumn\\": 11,
                                                                    \\"tokenTypeIdx\\": 11,
                                                                    \\"tokenType\\": {
                                                                      \\"name\\": \\"DotsIdentifier\\",
                                                                      \\"PATTERN\\": {},
                                                                      \\"tokenTypeIdx\\": 11,
                                                                      \\"CATEGORIES\\": [],
                                                                      \\"categoryMatches\\": [],
                                                                      \\"categoryMatchesMap\\": {},
                                                                      \\"isParent\\": false
                                                                    }
                                                                  }
                                                                ]
                                                              }
                                                            }
                                                          ]
                                                        }
                                                      }
                                                    ]
                                                  }
                                                }
                                              ]
                                            }
                                          }
                                        ]
                                      }
                                    }
                                  ]
                                }
                              }
                            ]
                          }
                        }
                      ]
                    }
                  }
                ]
              }
            }
          ]
        }
      }
    ]
  }
}"
`;
